18:38:12 **** Incremental Build of configuration Debug for project please ****
make -j8 all 
arm-none-eabi-gcc "../Core/Src/main.c" -mcpu=cortex-m3 -std=gnu11 -g3 -DDEBUG -DUSE_HAL_DRIVER -DSTM32F103xB -c -I../Core/Inc -I../Drivers/STM32F1xx_HAL_Driver/Inc -I../Drivers/STM32F1xx_HAL_Driver/Inc/Legacy -I../Drivers/CMSIS/Device/ST/STM32F1xx/Include -I../Drivers/CMSIS/Include -O0 -ffunction-sections -fdata-sections -Wall -fstack-usage -MMD -MP -MF"Core/Src/main.d" -MT"Core/Src/main.o" --specs=nano.specs -mfloat-abi=soft -mthumb -o "Core/Src/main.o"
arm-none-eabi-gcc -o "please.elf" @"objects.list"   -mcpu=cortex-m3 -T"C:\Users\USER-PC\Desktop\Study\Embedded\test3\please\STM32F103C8TX_FLASH.ld" --specs=nosys.specs -Wl,-Map="please.map" -Wl,--gc-sections -static --specs=nano.specs -mfloat-abi=soft -mthumb -Wl,--start-group -lc -lm -Wl,--end-group
Finished building target: please.elf
 
arm-none-eabi-size   please.elf 
arm-none-eabi-objdump -h -S  please.elf  > "please.list"
arm-none-eabi-objcopy  -O binary  please.elf  "please.bin"
   text	   data	    bss	    dec	    hex	filename
   4700	     20	   1572	   6292	   1894	please.elf
Finished building: default.size.stdout
 
Finished building: please.list
Finished building: please.bin
 
 

18:38:13 Build Finished. 0 errors, 0 warnings. (took 973ms)

